#-----------------------------------------------------------
# Vivado v2024.1 (64-bit)
# SW Build 5076996 on Wed May 22 18:37:14 MDT 2024
# IP Build 5075265 on Wed May 22 21:45:21 MDT 2024
# SharedData Build 5076995 on Wed May 22 18:29:18 MDT 2024
# Start of session at: Mon May 26 16:17:21 2025
# Process ID: 7720
# Current directory: C:/Users/user/Desktop/Proiect SCID Final/project_2/project_2.runs/synth_1
# Command line: vivado.exe -log pwm_fade.vds -product Vivado -mode batch -messageDb vivado.pb -notrace -source pwm_fade.tcl
# Log file: C:/Users/user/Desktop/Proiect SCID Final/project_2/project_2.runs/synth_1/pwm_fade.vds
# Journal file: C:/Users/user/Desktop/Proiect SCID Final/project_2/project_2.runs/synth_1\vivado.jou
# Running On        :DESKTOP-QN1L60V
# Platform          :Windows Server 2016 or Windows 10
# Operating System  :19045
# Processor Detail  :11th Gen Intel(R) Core(TM) i5-1135G7 @ 2.40GHz
# CPU Frequency     :2419 MHz
# CPU Physical cores:4
# CPU Logical cores :8
# Host memory       :8265 MB
# Swap memory       :3623 MB
# Total Virtual     :11888 MB
# Available Virtual :6366 MB
#-----------------------------------------------------------
source pwm_fade.tcl -notrace
