#-----------------------------------------------------------
# Vivado v2024.1 (64-bit)
# SW Build 5076996 on Wed May 22 18:37:14 MDT 2024
# IP Build 5075265 on Wed May 22 21:45:21 MDT 2024
# SharedData Build 5076995 on Wed May 22 18:29:18 MDT 2024
# Start of session at: Mon May 26 16:07:23 2025
# Process ID: 11932
# Current directory: C:/Users/user/Desktop/Proiect SCID Final/project_2
# Command line: vivado.exe -gui_launcher_event rodinguilauncherevent11236 C:\Users\user\Desktop\Proiect SCID Final\project_2\project_2.xpr
# Log file: C:/Users/user/Desktop/Proiect SCID Final/project_2/vivado.log
# Journal file: C:/Users/user/Desktop/Proiect SCID Final/project_2\vivado.jou
# Running On        :DESKTOP-QN1L60V
# Platform          :Windows Server 2016 or Windows 10
# Operating System  :19045
# Processor Detail  :11th Gen Intel(R) Core(TM) i5-1135G7 @ 2.40GHz
# CPU Frequency     :2419 MHz
# CPU Physical cores:4
# CPU Logical cores :8
# Host memory       :8265 MB
# Swap memory       :3623 MB
# Total Virtual     :11888 MB
# Available Virtual :8029 MB
#-----------------------------------------------------------
start_gui
open_project {C:/Users/user/Desktop/Proiect SCID Final/project_2/project_2.xpr}
update_compile_order -fileset sources_1
reset_run synth_1
launch_runs impl_1 -to_step write_bitstream -jobs 4
wait_on_run impl_1
open_run impl_1
set_property needs_refresh false [get_runs synth_1]
set_property needs_refresh false [get_runs impl_1]
open_hw_manager
connect_hw_server -allow_non_jtag
open_hw_target
set_property PROGRAM.FILE {C:/Users/user/Desktop/Proiect SCID Final/project_2/project_2.runs/impl_1/pwm_fade.bit} [get_hw_devices xc7a35t_0]
current_hw_device [get_hw_devices xc7a35t_0]
refresh_hw_device -update_hw_probes false [lindex [get_hw_devices xc7a35t_0] 0]
set_property PROBES.FILE {} [get_hw_devices xc7a35t_0]
set_property FULL_PROBES.FILE {} [get_hw_devices xc7a35t_0]
set_property PROGRAM.FILE {C:/Users/user/Desktop/Proiect SCID Final/project_2/project_2.runs/impl_1/pwm_fade.bit} [get_hw_devices xc7a35t_0]
program_hw_devices [get_hw_devices xc7a35t_0]
refresh_hw_device [lindex [get_hw_devices xc7a35t_0] 0]
